// Jest Snapshot v1, https://goo.gl/fbAQLP

exports[`App test 1`] = `
<div
  className="MuiContainer-root MuiContainer-maxWidthMd"
>
  <h1
    className="MuiTypography-root MuiTypography-h1"
  >
    mex
  </h1>
  <p
    className="MuiTypography-root MuiTypography-subtitle2 MuiTypography-paragraph"
  >
    here is mexico.
  </p>
  <hr
    className="MuiDivider-root"
  />
  <div
    className="MuiPaper-root markdown-body MuiPaper-elevation0"
    style={
      Object {
        "marginBottom": "2em",
      }
    }
  >
    <p
      className="MuiTypography-root MuiTypography-body1"
    >
      <20200130-2.mdx />
    </p>
  </div>
  <hr
    className="MuiDivider-root"
  />
  <div
    className="MuiPaper-root markdown-body MuiPaper-elevation0"
    style={
      Object {
        "marginBottom": "2em",
      }
    }
  >
    <p
      className="MuiTypography-root MuiTypography-body1"
    >
      <20200130.mdx />
    </p>
  </div>
  <hr
    className="MuiDivider-root"
  />
  <div
    className="MuiPaper-root markdown-body MuiPaper-elevation0"
    style={
      Object {
        "marginBottom": "2em",
      }
    }
  >
    <p
      className="MuiTypography-root MuiTypography-body1"
    >
      <20200129.mdx />
    </p>
  </div>
</div>
`;
