// Jest Snapshot v1, https://goo.gl/fbAQLP

exports[`App test 1`] = `
<div
  className="MuiContainer-root MuiContainer-maxWidthLg"
>
  <h1
    className="MuiTypography-root MuiTypography-h1"
  >
    mex
  </h1>
  <h2
    className="MuiTypography-root MuiTypography-h2"
  >
    here is mexico.
  </h2>
  <div
    className="MuiContainer-root MuiContainer-maxWidthMd"
  >
    <div
      className="MuiPaper-root MuiPaper-elevation0"
    >
      <h3
        className="MuiTypography-root MuiTypography-h3"
      >
        CAPTION No.0
      </h3>
      <p
        className="MuiTypography-root MuiTypography-body2"
      >
        2019.12.09
      </p>
      <p
        className="MuiTypography-root MuiTypography-body1 MuiTypography-noWrap"
      >
        HHHHHHHHHHHHHHHHHHHHHHHHHHHHHHHHHHHHHHHHHHHHHHHHHHHHHHHHHHHHHHHHHHHHHHHHHHHHHHHHHHHHHHHHHHHHHHHHHHHHHHHHHHHHHHHHHHHHHHHHHHHHHHHHHHHHHHHHHHHHHHHHHHHHHHHHHHHHHHHHHHHH
      </p>
    </div>
    <div
      className="MuiPaper-root MuiPaper-elevation0"
    >
      <h3
        className="MuiTypography-root MuiTypography-h3"
      >
        CAPTION No.1
      </h3>
      <p
        className="MuiTypography-root MuiTypography-body2"
      >
        2019.12.09
      </p>
      <p
        className="MuiTypography-root MuiTypography-body1 MuiTypography-noWrap"
      >
        HHHHHHHHHHHHHHHHHHHHHHHHHHHHHHHHHHHHHHHHHHHHHHHHHHHHHHHHHHHHHHHHHHHHHHHHHHHHHHHHHHHHHHHHHHHHHHHHHHHHHHHHHHHHHHHHHHHHHHHHHHHHHHHHHHHHHHHHHHHHHHHHHHHHHHHHHHHHHHHHHHHH
      </p>
    </div>
    <div
      className="MuiPaper-root MuiPaper-elevation0"
    >
      <h3
        className="MuiTypography-root MuiTypography-h3"
      >
        CAPTION No.2
      </h3>
      <p
        className="MuiTypography-root MuiTypography-body2"
      >
        2019.12.09
      </p>
      <p
        className="MuiTypography-root MuiTypography-body1 MuiTypography-noWrap"
      >
        HHHHHHHHHHHHHHHHHHHHHHHHHHHHHHHHHHHHHHHHHHHHHHHHHHHHHHHHHHHHHHHHHHHHHHHHHHHHHHHHHHHHHHHHHHHHHHHHHHHHHHHHHHHHHHHHHHHHHHHHHHHHHHHHHHHHHHHHHHHHHHHHHHHHHHHHHHHHHHHHHHHH
      </p>
    </div>
    <div
      className="MuiPaper-root MuiPaper-elevation0"
    >
      <h3
        className="MuiTypography-root MuiTypography-h3"
      >
        CAPTION No.3
      </h3>
      <p
        className="MuiTypography-root MuiTypography-body2"
      >
        2019.12.09
      </p>
      <p
        className="MuiTypography-root MuiTypography-body1 MuiTypography-noWrap"
      >
        HHHHHHHHHHHHHHHHHHHHHHHHHHHHHHHHHHHHHHHHHHHHHHHHHHHHHHHHHHHHHHHHHHHHHHHHHHHHHHHHHHHHHHHHHHHHHHHHHHHHHHHHHHHHHHHHHHHHHHHHHHHHHHHHHHHHHHHHHHHHHHHHHHHHHHHHHHHHHHHHHHHH
      </p>
    </div>
    <div
      className="MuiPaper-root MuiPaper-elevation0"
    >
      <h3
        className="MuiTypography-root MuiTypography-h3"
      >
        CAPTION No.4
      </h3>
      <p
        className="MuiTypography-root MuiTypography-body2"
      >
        2019.12.09
      </p>
      <p
        className="MuiTypography-root MuiTypography-body1 MuiTypography-noWrap"
      >
        HHHHHHHHHHHHHHHHHHHHHHHHHHHHHHHHHHHHHHHHHHHHHHHHHHHHHHHHHHHHHHHHHHHHHHHHHHHHHHHHHHHHHHHHHHHHHHHHHHHHHHHHHHHHHHHHHHHHHHHHHHHHHHHHHHHHHHHHHHHHHHHHHHHHHHHHHHHHHHHHHHHH
      </p>
    </div>
    <div
      className="MuiPaper-root MuiPaper-elevation0"
    >
      <h3
        className="MuiTypography-root MuiTypography-h3"
      >
        CAPTION No.5
      </h3>
      <p
        className="MuiTypography-root MuiTypography-body2"
      >
        2019.12.09
      </p>
      <p
        className="MuiTypography-root MuiTypography-body1 MuiTypography-noWrap"
      >
        HHHHHHHHHHHHHHHHHHHHHHHHHHHHHHHHHHHHHHHHHHHHHHHHHHHHHHHHHHHHHHHHHHHHHHHHHHHHHHHHHHHHHHHHHHHHHHHHHHHHHHHHHHHHHHHHHHHHHHHHHHHHHHHHHHHHHHHHHHHHHHHHHHHHHHHHHHHHHHHHHHHH
      </p>
    </div>
    <div
      className="MuiPaper-root MuiPaper-elevation0"
    >
      <h3
        className="MuiTypography-root MuiTypography-h3"
      >
        CAPTION No.6
      </h3>
      <p
        className="MuiTypography-root MuiTypography-body2"
      >
        2019.12.09
      </p>
      <p
        className="MuiTypography-root MuiTypography-body1 MuiTypography-noWrap"
      >
        HHHHHHHHHHHHHHHHHHHHHHHHHHHHHHHHHHHHHHHHHHHHHHHHHHHHHHHHHHHHHHHHHHHHHHHHHHHHHHHHHHHHHHHHHHHHHHHHHHHHHHHHHHHHHHHHHHHHHHHHHHHHHHHHHHHHHHHHHHHHHHHHHHHHHHHHHHHHHHHHHHHH
      </p>
    </div>
    <div
      className="MuiPaper-root MuiPaper-elevation0"
    >
      <h3
        className="MuiTypography-root MuiTypography-h3"
      >
        CAPTION No.7
      </h3>
      <p
        className="MuiTypography-root MuiTypography-body2"
      >
        2019.12.09
      </p>
      <p
        className="MuiTypography-root MuiTypography-body1 MuiTypography-noWrap"
      >
        HHHHHHHHHHHHHHHHHHHHHHHHHHHHHHHHHHHHHHHHHHHHHHHHHHHHHHHHHHHHHHHHHHHHHHHHHHHHHHHHHHHHHHHHHHHHHHHHHHHHHHHHHHHHHHHHHHHHHHHHHHHHHHHHHHHHHHHHHHHHHHHHHHHHHHHHHHHHHHHHHHHH
      </p>
    </div>
    <div
      className="MuiPaper-root MuiPaper-elevation0"
    >
      <h3
        className="MuiTypography-root MuiTypography-h3"
      >
        CAPTION No.8
      </h3>
      <p
        className="MuiTypography-root MuiTypography-body2"
      >
        2019.12.09
      </p>
      <p
        className="MuiTypography-root MuiTypography-body1 MuiTypography-noWrap"
      >
        HHHHHHHHHHHHHHHHHHHHHHHHHHHHHHHHHHHHHHHHHHHHHHHHHHHHHHHHHHHHHHHHHHHHHHHHHHHHHHHHHHHHHHHHHHHHHHHHHHHHHHHHHHHHHHHHHHHHHHHHHHHHHHHHHHHHHHHHHHHHHHHHHHHHHHHHHHHHHHHHHHHH
      </p>
    </div>
    <div
      className="MuiPaper-root MuiPaper-elevation0"
    >
      <h3
        className="MuiTypography-root MuiTypography-h3"
      >
        CAPTION No.9
      </h3>
      <p
        className="MuiTypography-root MuiTypography-body2"
      >
        2019.12.09
      </p>
      <p
        className="MuiTypography-root MuiTypography-body1 MuiTypography-noWrap"
      >
        HHHHHHHHHHHHHHHHHHHHHHHHHHHHHHHHHHHHHHHHHHHHHHHHHHHHHHHHHHHHHHHHHHHHHHHHHHHHHHHHHHHHHHHHHHHHHHHHHHHHHHHHHHHHHHHHHHHHHHHHHHHHHHHHHHHHHHHHHHHHHHHHHHHHHHHHHHHHHHHHHHHH
      </p>
    </div>
    <div
      className="MuiPaper-root MuiPaper-elevation0"
    >
      <h3
        className="MuiTypography-root MuiTypography-h3"
      >
        CAPTION No.10
      </h3>
      <p
        className="MuiTypography-root MuiTypography-body2"
      >
        2019.12.09
      </p>
      <p
        className="MuiTypography-root MuiTypography-body1 MuiTypography-noWrap"
      >
        HHHHHHHHHHHHHHHHHHHHHHHHHHHHHHHHHHHHHHHHHHHHHHHHHHHHHHHHHHHHHHHHHHHHHHHHHHHHHHHHHHHHHHHHHHHHHHHHHHHHHHHHHHHHHHHHHHHHHHHHHHHHHHHHHHHHHHHHHHHHHHHHHHHHHHHHHHHHHHHHHHHH
      </p>
    </div>
    <div
      className="MuiPaper-root MuiPaper-elevation0"
    >
      <h3
        className="MuiTypography-root MuiTypography-h3"
      >
        CAPTION No.11
      </h3>
      <p
        className="MuiTypography-root MuiTypography-body2"
      >
        2019.12.09
      </p>
      <p
        className="MuiTypography-root MuiTypography-body1 MuiTypography-noWrap"
      >
        HHHHHHHHHHHHHHHHHHHHHHHHHHHHHHHHHHHHHHHHHHHHHHHHHHHHHHHHHHHHHHHHHHHHHHHHHHHHHHHHHHHHHHHHHHHHHHHHHHHHHHHHHHHHHHHHHHHHHHHHHHHHHHHHHHHHHHHHHHHHHHHHHHHHHHHHHHHHHHHHHHHH
      </p>
    </div>
    <div
      className="MuiPaper-root MuiPaper-elevation0"
    >
      <h3
        className="MuiTypography-root MuiTypography-h3"
      >
        CAPTION No.12
      </h3>
      <p
        className="MuiTypography-root MuiTypography-body2"
      >
        2019.12.09
      </p>
      <p
        className="MuiTypography-root MuiTypography-body1 MuiTypography-noWrap"
      >
        HHHHHHHHHHHHHHHHHHHHHHHHHHHHHHHHHHHHHHHHHHHHHHHHHHHHHHHHHHHHHHHHHHHHHHHHHHHHHHHHHHHHHHHHHHHHHHHHHHHHHHHHHHHHHHHHHHHHHHHHHHHHHHHHHHHHHHHHHHHHHHHHHHHHHHHHHHHHHHHHHHHH
      </p>
    </div>
    <div
      className="MuiPaper-root MuiPaper-elevation0"
    >
      <h3
        className="MuiTypography-root MuiTypography-h3"
      >
        CAPTION No.13
      </h3>
      <p
        className="MuiTypography-root MuiTypography-body2"
      >
        2019.12.09
      </p>
      <p
        className="MuiTypography-root MuiTypography-body1 MuiTypography-noWrap"
      >
        HHHHHHHHHHHHHHHHHHHHHHHHHHHHHHHHHHHHHHHHHHHHHHHHHHHHHHHHHHHHHHHHHHHHHHHHHHHHHHHHHHHHHHHHHHHHHHHHHHHHHHHHHHHHHHHHHHHHHHHHHHHHHHHHHHHHHHHHHHHHHHHHHHHHHHHHHHHHHHHHHHHH
      </p>
    </div>
    <div
      className="MuiPaper-root MuiPaper-elevation0"
    >
      <h3
        className="MuiTypography-root MuiTypography-h3"
      >
        CAPTION No.14
      </h3>
      <p
        className="MuiTypography-root MuiTypography-body2"
      >
        2019.12.09
      </p>
      <p
        className="MuiTypography-root MuiTypography-body1 MuiTypography-noWrap"
      >
        HHHHHHHHHHHHHHHHHHHHHHHHHHHHHHHHHHHHHHHHHHHHHHHHHHHHHHHHHHHHHHHHHHHHHHHHHHHHHHHHHHHHHHHHHHHHHHHHHHHHHHHHHHHHHHHHHHHHHHHHHHHHHHHHHHHHHHHHHHHHHHHHHHHHHHHHHHHHHHHHHHHH
      </p>
    </div>
    <div
      className="MuiPaper-root MuiPaper-elevation0"
    >
      <h3
        className="MuiTypography-root MuiTypography-h3"
      >
        CAPTION No.15
      </h3>
      <p
        className="MuiTypography-root MuiTypography-body2"
      >
        2019.12.09
      </p>
      <p
        className="MuiTypography-root MuiTypography-body1 MuiTypography-noWrap"
      >
        HHHHHHHHHHHHHHHHHHHHHHHHHHHHHHHHHHHHHHHHHHHHHHHHHHHHHHHHHHHHHHHHHHHHHHHHHHHHHHHHHHHHHHHHHHHHHHHHHHHHHHHHHHHHHHHHHHHHHHHHHHHHHHHHHHHHHHHHHHHHHHHHHHHHHHHHHHHHHHHHHHHH
      </p>
    </div>
    <div
      className="MuiPaper-root MuiPaper-elevation0"
    >
      <h3
        className="MuiTypography-root MuiTypography-h3"
      >
        CAPTION No.16
      </h3>
      <p
        className="MuiTypography-root MuiTypography-body2"
      >
        2019.12.09
      </p>
      <p
        className="MuiTypography-root MuiTypography-body1 MuiTypography-noWrap"
      >
        HHHHHHHHHHHHHHHHHHHHHHHHHHHHHHHHHHHHHHHHHHHHHHHHHHHHHHHHHHHHHHHHHHHHHHHHHHHHHHHHHHHHHHHHHHHHHHHHHHHHHHHHHHHHHHHHHHHHHHHHHHHHHHHHHHHHHHHHHHHHHHHHHHHHHHHHHHHHHHHHHHHH
      </p>
    </div>
    <div
      className="MuiPaper-root MuiPaper-elevation0"
    >
      <h3
        className="MuiTypography-root MuiTypography-h3"
      >
        CAPTION No.17
      </h3>
      <p
        className="MuiTypography-root MuiTypography-body2"
      >
        2019.12.09
      </p>
      <p
        className="MuiTypography-root MuiTypography-body1 MuiTypography-noWrap"
      >
        HHHHHHHHHHHHHHHHHHHHHHHHHHHHHHHHHHHHHHHHHHHHHHHHHHHHHHHHHHHHHHHHHHHHHHHHHHHHHHHHHHHHHHHHHHHHHHHHHHHHHHHHHHHHHHHHHHHHHHHHHHHHHHHHHHHHHHHHHHHHHHHHHHHHHHHHHHHHHHHHHHHH
      </p>
    </div>
    <div
      className="MuiPaper-root MuiPaper-elevation0"
    >
      <h3
        className="MuiTypography-root MuiTypography-h3"
      >
        CAPTION No.18
      </h3>
      <p
        className="MuiTypography-root MuiTypography-body2"
      >
        2019.12.09
      </p>
      <p
        className="MuiTypography-root MuiTypography-body1 MuiTypography-noWrap"
      >
        HHHHHHHHHHHHHHHHHHHHHHHHHHHHHHHHHHHHHHHHHHHHHHHHHHHHHHHHHHHHHHHHHHHHHHHHHHHHHHHHHHHHHHHHHHHHHHHHHHHHHHHHHHHHHHHHHHHHHHHHHHHHHHHHHHHHHHHHHHHHHHHHHHHHHHHHHHHHHHHHHHHH
      </p>
    </div>
    <div
      className="MuiPaper-root MuiPaper-elevation0"
    >
      <h3
        className="MuiTypography-root MuiTypography-h3"
      >
        CAPTION No.19
      </h3>
      <p
        className="MuiTypography-root MuiTypography-body2"
      >
        2019.12.09
      </p>
      <p
        className="MuiTypography-root MuiTypography-body1 MuiTypography-noWrap"
      >
        HHHHHHHHHHHHHHHHHHHHHHHHHHHHHHHHHHHHHHHHHHHHHHHHHHHHHHHHHHHHHHHHHHHHHHHHHHHHHHHHHHHHHHHHHHHHHHHHHHHHHHHHHHHHHHHHHHHHHHHHHHHHHHHHHHHHHHHHHHHHHHHHHHHHHHHHHHHHHHHHHHHH
      </p>
    </div>
    <div
      className="MuiPaper-root MuiPaper-elevation0"
    >
      <h3
        className="MuiTypography-root MuiTypography-h3"
      >
        CAPTION No.20
      </h3>
      <p
        className="MuiTypography-root MuiTypography-body2"
      >
        2019.12.09
      </p>
      <p
        className="MuiTypography-root MuiTypography-body1 MuiTypography-noWrap"
      >
        HHHHHHHHHHHHHHHHHHHHHHHHHHHHHHHHHHHHHHHHHHHHHHHHHHHHHHHHHHHHHHHHHHHHHHHHHHHHHHHHHHHHHHHHHHHHHHHHHHHHHHHHHHHHHHHHHHHHHHHHHHHHHHHHHHHHHHHHHHHHHHHHHHHHHHHHHHHHHHHHHHHH
      </p>
    </div>
    <div
      className="MuiPaper-root MuiPaper-elevation0"
    >
      <h3
        className="MuiTypography-root MuiTypography-h3"
      >
        CAPTION No.21
      </h3>
      <p
        className="MuiTypography-root MuiTypography-body2"
      >
        2019.12.09
      </p>
      <p
        className="MuiTypography-root MuiTypography-body1 MuiTypography-noWrap"
      >
        HHHHHHHHHHHHHHHHHHHHHHHHHHHHHHHHHHHHHHHHHHHHHHHHHHHHHHHHHHHHHHHHHHHHHHHHHHHHHHHHHHHHHHHHHHHHHHHHHHHHHHHHHHHHHHHHHHHHHHHHHHHHHHHHHHHHHHHHHHHHHHHHHHHHHHHHHHHHHHHHHHHH
      </p>
    </div>
    <div
      className="MuiPaper-root MuiPaper-elevation0"
    >
      <h3
        className="MuiTypography-root MuiTypography-h3"
      >
        CAPTION No.22
      </h3>
      <p
        className="MuiTypography-root MuiTypography-body2"
      >
        2019.12.09
      </p>
      <p
        className="MuiTypography-root MuiTypography-body1 MuiTypography-noWrap"
      >
        HHHHHHHHHHHHHHHHHHHHHHHHHHHHHHHHHHHHHHHHHHHHHHHHHHHHHHHHHHHHHHHHHHHHHHHHHHHHHHHHHHHHHHHHHHHHHHHHHHHHHHHHHHHHHHHHHHHHHHHHHHHHHHHHHHHHHHHHHHHHHHHHHHHHHHHHHHHHHHHHHHHH
      </p>
    </div>
    <div
      className="MuiPaper-root MuiPaper-elevation0"
    >
      <h3
        className="MuiTypography-root MuiTypography-h3"
      >
        CAPTION No.23
      </h3>
      <p
        className="MuiTypography-root MuiTypography-body2"
      >
        2019.12.09
      </p>
      <p
        className="MuiTypography-root MuiTypography-body1 MuiTypography-noWrap"
      >
        HHHHHHHHHHHHHHHHHHHHHHHHHHHHHHHHHHHHHHHHHHHHHHHHHHHHHHHHHHHHHHHHHHHHHHHHHHHHHHHHHHHHHHHHHHHHHHHHHHHHHHHHHHHHHHHHHHHHHHHHHHHHHHHHHHHHHHHHHHHHHHHHHHHHHHHHHHHHHHHHHHHH
      </p>
    </div>
    <div
      className="MuiPaper-root MuiPaper-elevation0"
    >
      <h3
        className="MuiTypography-root MuiTypography-h3"
      >
        CAPTION No.24
      </h3>
      <p
        className="MuiTypography-root MuiTypography-body2"
      >
        2019.12.09
      </p>
      <p
        className="MuiTypography-root MuiTypography-body1 MuiTypography-noWrap"
      >
        HHHHHHHHHHHHHHHHHHHHHHHHHHHHHHHHHHHHHHHHHHHHHHHHHHHHHHHHHHHHHHHHHHHHHHHHHHHHHHHHHHHHHHHHHHHHHHHHHHHHHHHHHHHHHHHHHHHHHHHHHHHHHHHHHHHHHHHHHHHHHHHHHHHHHHHHHHHHHHHHHHHH
      </p>
    </div>
    <div
      className="MuiPaper-root MuiPaper-elevation0"
    >
      <h3
        className="MuiTypography-root MuiTypography-h3"
      >
        CAPTION No.25
      </h3>
      <p
        className="MuiTypography-root MuiTypography-body2"
      >
        2019.12.09
      </p>
      <p
        className="MuiTypography-root MuiTypography-body1 MuiTypography-noWrap"
      >
        HHHHHHHHHHHHHHHHHHHHHHHHHHHHHHHHHHHHHHHHHHHHHHHHHHHHHHHHHHHHHHHHHHHHHHHHHHHHHHHHHHHHHHHHHHHHHHHHHHHHHHHHHHHHHHHHHHHHHHHHHHHHHHHHHHHHHHHHHHHHHHHHHHHHHHHHHHHHHHHHHHHH
      </p>
    </div>
    <div
      className="MuiPaper-root MuiPaper-elevation0"
    >
      <h3
        className="MuiTypography-root MuiTypography-h3"
      >
        CAPTION No.26
      </h3>
      <p
        className="MuiTypography-root MuiTypography-body2"
      >
        2019.12.09
      </p>
      <p
        className="MuiTypography-root MuiTypography-body1 MuiTypography-noWrap"
      >
        HHHHHHHHHHHHHHHHHHHHHHHHHHHHHHHHHHHHHHHHHHHHHHHHHHHHHHHHHHHHHHHHHHHHHHHHHHHHHHHHHHHHHHHHHHHHHHHHHHHHHHHHHHHHHHHHHHHHHHHHHHHHHHHHHHHHHHHHHHHHHHHHHHHHHHHHHHHHHHHHHHHH
      </p>
    </div>
    <div
      className="MuiPaper-root MuiPaper-elevation0"
    >
      <h3
        className="MuiTypography-root MuiTypography-h3"
      >
        CAPTION No.27
      </h3>
      <p
        className="MuiTypography-root MuiTypography-body2"
      >
        2019.12.09
      </p>
      <p
        className="MuiTypography-root MuiTypography-body1 MuiTypography-noWrap"
      >
        HHHHHHHHHHHHHHHHHHHHHHHHHHHHHHHHHHHHHHHHHHHHHHHHHHHHHHHHHHHHHHHHHHHHHHHHHHHHHHHHHHHHHHHHHHHHHHHHHHHHHHHHHHHHHHHHHHHHHHHHHHHHHHHHHHHHHHHHHHHHHHHHHHHHHHHHHHHHHHHHHHHH
      </p>
    </div>
    <div
      className="MuiPaper-root MuiPaper-elevation0"
    >
      <h3
        className="MuiTypography-root MuiTypography-h3"
      >
        CAPTION No.28
      </h3>
      <p
        className="MuiTypography-root MuiTypography-body2"
      >
        2019.12.09
      </p>
      <p
        className="MuiTypography-root MuiTypography-body1 MuiTypography-noWrap"
      >
        HHHHHHHHHHHHHHHHHHHHHHHHHHHHHHHHHHHHHHHHHHHHHHHHHHHHHHHHHHHHHHHHHHHHHHHHHHHHHHHHHHHHHHHHHHHHHHHHHHHHHHHHHHHHHHHHHHHHHHHHHHHHHHHHHHHHHHHHHHHHHHHHHHHHHHHHHHHHHHHHHHHH
      </p>
    </div>
    <div
      className="MuiPaper-root MuiPaper-elevation0"
    >
      <h3
        className="MuiTypography-root MuiTypography-h3"
      >
        CAPTION No.29
      </h3>
      <p
        className="MuiTypography-root MuiTypography-body2"
      >
        2019.12.09
      </p>
      <p
        className="MuiTypography-root MuiTypography-body1 MuiTypography-noWrap"
      >
        HHHHHHHHHHHHHHHHHHHHHHHHHHHHHHHHHHHHHHHHHHHHHHHHHHHHHHHHHHHHHHHHHHHHHHHHHHHHHHHHHHHHHHHHHHHHHHHHHHHHHHHHHHHHHHHHHHHHHHHHHHHHHHHHHHHHHHHHHHHHHHHHHHHHHHHHHHHHHHHHHHHH
      </p>
    </div>
    <div
      className="MuiPaper-root MuiPaper-elevation0"
    >
      <h3
        className="MuiTypography-root MuiTypography-h3"
      >
        CAPTION No.30
      </h3>
      <p
        className="MuiTypography-root MuiTypography-body2"
      >
        2019.12.09
      </p>
      <p
        className="MuiTypography-root MuiTypography-body1 MuiTypography-noWrap"
      >
        HHHHHHHHHHHHHHHHHHHHHHHHHHHHHHHHHHHHHHHHHHHHHHHHHHHHHHHHHHHHHHHHHHHHHHHHHHHHHHHHHHHHHHHHHHHHHHHHHHHHHHHHHHHHHHHHHHHHHHHHHHHHHHHHHHHHHHHHHHHHHHHHHHHHHHHHHHHHHHHHHHHH
      </p>
    </div>
    <div
      className="MuiPaper-root MuiPaper-elevation0"
    >
      <h3
        className="MuiTypography-root MuiTypography-h3"
      >
        CAPTION No.31
      </h3>
      <p
        className="MuiTypography-root MuiTypography-body2"
      >
        2019.12.09
      </p>
      <p
        className="MuiTypography-root MuiTypography-body1 MuiTypography-noWrap"
      >
        HHHHHHHHHHHHHHHHHHHHHHHHHHHHHHHHHHHHHHHHHHHHHHHHHHHHHHHHHHHHHHHHHHHHHHHHHHHHHHHHHHHHHHHHHHHHHHHHHHHHHHHHHHHHHHHHHHHHHHHHHHHHHHHHHHHHHHHHHHHHHHHHHHHHHHHHHHHHHHHHHHHH
      </p>
    </div>
    <div
      className="MuiPaper-root MuiPaper-elevation0"
    >
      <h3
        className="MuiTypography-root MuiTypography-h3"
      >
        CAPTION No.32
      </h3>
      <p
        className="MuiTypography-root MuiTypography-body2"
      >
        2019.12.09
      </p>
      <p
        className="MuiTypography-root MuiTypography-body1 MuiTypography-noWrap"
      >
        HHHHHHHHHHHHHHHHHHHHHHHHHHHHHHHHHHHHHHHHHHHHHHHHHHHHHHHHHHHHHHHHHHHHHHHHHHHHHHHHHHHHHHHHHHHHHHHHHHHHHHHHHHHHHHHHHHHHHHHHHHHHHHHHHHHHHHHHHHHHHHHHHHHHHHHHHHHHHHHHHHHH
      </p>
    </div>
    <div
      className="MuiPaper-root MuiPaper-elevation0"
    >
      <h3
        className="MuiTypography-root MuiTypography-h3"
      >
        CAPTION No.33
      </h3>
      <p
        className="MuiTypography-root MuiTypography-body2"
      >
        2019.12.09
      </p>
      <p
        className="MuiTypography-root MuiTypography-body1 MuiTypography-noWrap"
      >
        HHHHHHHHHHHHHHHHHHHHHHHHHHHHHHHHHHHHHHHHHHHHHHHHHHHHHHHHHHHHHHHHHHHHHHHHHHHHHHHHHHHHHHHHHHHHHHHHHHHHHHHHHHHHHHHHHHHHHHHHHHHHHHHHHHHHHHHHHHHHHHHHHHHHHHHHHHHHHHHHHHHH
      </p>
    </div>
    <div
      className="MuiPaper-root MuiPaper-elevation0"
    >
      <h3
        className="MuiTypography-root MuiTypography-h3"
      >
        CAPTION No.34
      </h3>
      <p
        className="MuiTypography-root MuiTypography-body2"
      >
        2019.12.09
      </p>
      <p
        className="MuiTypography-root MuiTypography-body1 MuiTypography-noWrap"
      >
        HHHHHHHHHHHHHHHHHHHHHHHHHHHHHHHHHHHHHHHHHHHHHHHHHHHHHHHHHHHHHHHHHHHHHHHHHHHHHHHHHHHHHHHHHHHHHHHHHHHHHHHHHHHHHHHHHHHHHHHHHHHHHHHHHHHHHHHHHHHHHHHHHHHHHHHHHHHHHHHHHHHH
      </p>
    </div>
    <div
      className="MuiPaper-root MuiPaper-elevation0"
    >
      <h3
        className="MuiTypography-root MuiTypography-h3"
      >
        CAPTION No.35
      </h3>
      <p
        className="MuiTypography-root MuiTypography-body2"
      >
        2019.12.09
      </p>
      <p
        className="MuiTypography-root MuiTypography-body1 MuiTypography-noWrap"
      >
        HHHHHHHHHHHHHHHHHHHHHHHHHHHHHHHHHHHHHHHHHHHHHHHHHHHHHHHHHHHHHHHHHHHHHHHHHHHHHHHHHHHHHHHHHHHHHHHHHHHHHHHHHHHHHHHHHHHHHHHHHHHHHHHHHHHHHHHHHHHHHHHHHHHHHHHHHHHHHHHHHHHH
      </p>
    </div>
    <div
      className="MuiPaper-root MuiPaper-elevation0"
    >
      <h3
        className="MuiTypography-root MuiTypography-h3"
      >
        CAPTION No.36
      </h3>
      <p
        className="MuiTypography-root MuiTypography-body2"
      >
        2019.12.09
      </p>
      <p
        className="MuiTypography-root MuiTypography-body1 MuiTypography-noWrap"
      >
        HHHHHHHHHHHHHHHHHHHHHHHHHHHHHHHHHHHHHHHHHHHHHHHHHHHHHHHHHHHHHHHHHHHHHHHHHHHHHHHHHHHHHHHHHHHHHHHHHHHHHHHHHHHHHHHHHHHHHHHHHHHHHHHHHHHHHHHHHHHHHHHHHHHHHHHHHHHHHHHHHHHH
      </p>
    </div>
    <div
      className="MuiPaper-root MuiPaper-elevation0"
    >
      <h3
        className="MuiTypography-root MuiTypography-h3"
      >
        CAPTION No.37
      </h3>
      <p
        className="MuiTypography-root MuiTypography-body2"
      >
        2019.12.09
      </p>
      <p
        className="MuiTypography-root MuiTypography-body1 MuiTypography-noWrap"
      >
        HHHHHHHHHHHHHHHHHHHHHHHHHHHHHHHHHHHHHHHHHHHHHHHHHHHHHHHHHHHHHHHHHHHHHHHHHHHHHHHHHHHHHHHHHHHHHHHHHHHHHHHHHHHHHHHHHHHHHHHHHHHHHHHHHHHHHHHHHHHHHHHHHHHHHHHHHHHHHHHHHHHH
      </p>
    </div>
    <div
      className="MuiPaper-root MuiPaper-elevation0"
    >
      <h3
        className="MuiTypography-root MuiTypography-h3"
      >
        CAPTION No.38
      </h3>
      <p
        className="MuiTypography-root MuiTypography-body2"
      >
        2019.12.09
      </p>
      <p
        className="MuiTypography-root MuiTypography-body1 MuiTypography-noWrap"
      >
        HHHHHHHHHHHHHHHHHHHHHHHHHHHHHHHHHHHHHHHHHHHHHHHHHHHHHHHHHHHHHHHHHHHHHHHHHHHHHHHHHHHHHHHHHHHHHHHHHHHHHHHHHHHHHHHHHHHHHHHHHHHHHHHHHHHHHHHHHHHHHHHHHHHHHHHHHHHHHHHHHHHH
      </p>
    </div>
    <div
      className="MuiPaper-root MuiPaper-elevation0"
    >
      <h3
        className="MuiTypography-root MuiTypography-h3"
      >
        CAPTION No.39
      </h3>
      <p
        className="MuiTypography-root MuiTypography-body2"
      >
        2019.12.09
      </p>
      <p
        className="MuiTypography-root MuiTypography-body1 MuiTypography-noWrap"
      >
        HHHHHHHHHHHHHHHHHHHHHHHHHHHHHHHHHHHHHHHHHHHHHHHHHHHHHHHHHHHHHHHHHHHHHHHHHHHHHHHHHHHHHHHHHHHHHHHHHHHHHHHHHHHHHHHHHHHHHHHHHHHHHHHHHHHHHHHHHHHHHHHHHHHHHHHHHHHHHHHHHHHH
      </p>
    </div>
    <div
      className="MuiPaper-root MuiPaper-elevation0"
    >
      <h3
        className="MuiTypography-root MuiTypography-h3"
      >
        CAPTION No.40
      </h3>
      <p
        className="MuiTypography-root MuiTypography-body2"
      >
        2019.12.09
      </p>
      <p
        className="MuiTypography-root MuiTypography-body1 MuiTypography-noWrap"
      >
        HHHHHHHHHHHHHHHHHHHHHHHHHHHHHHHHHHHHHHHHHHHHHHHHHHHHHHHHHHHHHHHHHHHHHHHHHHHHHHHHHHHHHHHHHHHHHHHHHHHHHHHHHHHHHHHHHHHHHHHHHHHHHHHHHHHHHHHHHHHHHHHHHHHHHHHHHHHHHHHHHHHH
      </p>
    </div>
    <div
      className="MuiPaper-root MuiPaper-elevation0"
    >
      <h3
        className="MuiTypography-root MuiTypography-h3"
      >
        CAPTION No.41
      </h3>
      <p
        className="MuiTypography-root MuiTypography-body2"
      >
        2019.12.09
      </p>
      <p
        className="MuiTypography-root MuiTypography-body1 MuiTypography-noWrap"
      >
        HHHHHHHHHHHHHHHHHHHHHHHHHHHHHHHHHHHHHHHHHHHHHHHHHHHHHHHHHHHHHHHHHHHHHHHHHHHHHHHHHHHHHHHHHHHHHHHHHHHHHHHHHHHHHHHHHHHHHHHHHHHHHHHHHHHHHHHHHHHHHHHHHHHHHHHHHHHHHHHHHHHH
      </p>
    </div>
    <div
      className="MuiPaper-root MuiPaper-elevation0"
    >
      <h3
        className="MuiTypography-root MuiTypography-h3"
      >
        CAPTION No.42
      </h3>
      <p
        className="MuiTypography-root MuiTypography-body2"
      >
        2019.12.09
      </p>
      <p
        className="MuiTypography-root MuiTypography-body1 MuiTypography-noWrap"
      >
        HHHHHHHHHHHHHHHHHHHHHHHHHHHHHHHHHHHHHHHHHHHHHHHHHHHHHHHHHHHHHHHHHHHHHHHHHHHHHHHHHHHHHHHHHHHHHHHHHHHHHHHHHHHHHHHHHHHHHHHHHHHHHHHHHHHHHHHHHHHHHHHHHHHHHHHHHHHHHHHHHHHH
      </p>
    </div>
    <div
      className="MuiPaper-root MuiPaper-elevation0"
    >
      <h3
        className="MuiTypography-root MuiTypography-h3"
      >
        CAPTION No.43
      </h3>
      <p
        className="MuiTypography-root MuiTypography-body2"
      >
        2019.12.09
      </p>
      <p
        className="MuiTypography-root MuiTypography-body1 MuiTypography-noWrap"
      >
        HHHHHHHHHHHHHHHHHHHHHHHHHHHHHHHHHHHHHHHHHHHHHHHHHHHHHHHHHHHHHHHHHHHHHHHHHHHHHHHHHHHHHHHHHHHHHHHHHHHHHHHHHHHHHHHHHHHHHHHHHHHHHHHHHHHHHHHHHHHHHHHHHHHHHHHHHHHHHHHHHHHH
      </p>
    </div>
    <div
      className="MuiPaper-root MuiPaper-elevation0"
    >
      <h3
        className="MuiTypography-root MuiTypography-h3"
      >
        CAPTION No.44
      </h3>
      <p
        className="MuiTypography-root MuiTypography-body2"
      >
        2019.12.09
      </p>
      <p
        className="MuiTypography-root MuiTypography-body1 MuiTypography-noWrap"
      >
        HHHHHHHHHHHHHHHHHHHHHHHHHHHHHHHHHHHHHHHHHHHHHHHHHHHHHHHHHHHHHHHHHHHHHHHHHHHHHHHHHHHHHHHHHHHHHHHHHHHHHHHHHHHHHHHHHHHHHHHHHHHHHHHHHHHHHHHHHHHHHHHHHHHHHHHHHHHHHHHHHHHH
      </p>
    </div>
    <div
      className="MuiPaper-root MuiPaper-elevation0"
    >
      <h3
        className="MuiTypography-root MuiTypography-h3"
      >
        CAPTION No.45
      </h3>
      <p
        className="MuiTypography-root MuiTypography-body2"
      >
        2019.12.09
      </p>
      <p
        className="MuiTypography-root MuiTypography-body1 MuiTypography-noWrap"
      >
        HHHHHHHHHHHHHHHHHHHHHHHHHHHHHHHHHHHHHHHHHHHHHHHHHHHHHHHHHHHHHHHHHHHHHHHHHHHHHHHHHHHHHHHHHHHHHHHHHHHHHHHHHHHHHHHHHHHHHHHHHHHHHHHHHHHHHHHHHHHHHHHHHHHHHHHHHHHHHHHHHHHH
      </p>
    </div>
    <div
      className="MuiPaper-root MuiPaper-elevation0"
    >
      <h3
        className="MuiTypography-root MuiTypography-h3"
      >
        CAPTION No.46
      </h3>
      <p
        className="MuiTypography-root MuiTypography-body2"
      >
        2019.12.09
      </p>
      <p
        className="MuiTypography-root MuiTypography-body1 MuiTypography-noWrap"
      >
        HHHHHHHHHHHHHHHHHHHHHHHHHHHHHHHHHHHHHHHHHHHHHHHHHHHHHHHHHHHHHHHHHHHHHHHHHHHHHHHHHHHHHHHHHHHHHHHHHHHHHHHHHHHHHHHHHHHHHHHHHHHHHHHHHHHHHHHHHHHHHHHHHHHHHHHHHHHHHHHHHHHH
      </p>
    </div>
    <div
      className="MuiPaper-root MuiPaper-elevation0"
    >
      <h3
        className="MuiTypography-root MuiTypography-h3"
      >
        CAPTION No.47
      </h3>
      <p
        className="MuiTypography-root MuiTypography-body2"
      >
        2019.12.09
      </p>
      <p
        className="MuiTypography-root MuiTypography-body1 MuiTypography-noWrap"
      >
        HHHHHHHHHHHHHHHHHHHHHHHHHHHHHHHHHHHHHHHHHHHHHHHHHHHHHHHHHHHHHHHHHHHHHHHHHHHHHHHHHHHHHHHHHHHHHHHHHHHHHHHHHHHHHHHHHHHHHHHHHHHHHHHHHHHHHHHHHHHHHHHHHHHHHHHHHHHHHHHHHHHH
      </p>
    </div>
    <div
      className="MuiPaper-root MuiPaper-elevation0"
    >
      <h3
        className="MuiTypography-root MuiTypography-h3"
      >
        CAPTION No.48
      </h3>
      <p
        className="MuiTypography-root MuiTypography-body2"
      >
        2019.12.09
      </p>
      <p
        className="MuiTypography-root MuiTypography-body1 MuiTypography-noWrap"
      >
        HHHHHHHHHHHHHHHHHHHHHHHHHHHHHHHHHHHHHHHHHHHHHHHHHHHHHHHHHHHHHHHHHHHHHHHHHHHHHHHHHHHHHHHHHHHHHHHHHHHHHHHHHHHHHHHHHHHHHHHHHHHHHHHHHHHHHHHHHHHHHHHHHHHHHHHHHHHHHHHHHHHH
      </p>
    </div>
    <div
      className="MuiPaper-root MuiPaper-elevation0"
    >
      <h3
        className="MuiTypography-root MuiTypography-h3"
      >
        CAPTION No.49
      </h3>
      <p
        className="MuiTypography-root MuiTypography-body2"
      >
        2019.12.09
      </p>
      <p
        className="MuiTypography-root MuiTypography-body1 MuiTypography-noWrap"
      >
        HHHHHHHHHHHHHHHHHHHHHHHHHHHHHHHHHHHHHHHHHHHHHHHHHHHHHHHHHHHHHHHHHHHHHHHHHHHHHHHHHHHHHHHHHHHHHHHHHHHHHHHHHHHHHHHHHHHHHHHHHHHHHHHHHHHHHHHHHHHHHHHHHHHHHHHHHHHHHHHHHHHH
      </p>
    </div>
    <div
      className="MuiPaper-root MuiPaper-elevation0"
    >
      <h3
        className="MuiTypography-root MuiTypography-h3"
      >
        CAPTION No.50
      </h3>
      <p
        className="MuiTypography-root MuiTypography-body2"
      >
        2019.12.09
      </p>
      <p
        className="MuiTypography-root MuiTypography-body1 MuiTypography-noWrap"
      >
        HHHHHHHHHHHHHHHHHHHHHHHHHHHHHHHHHHHHHHHHHHHHHHHHHHHHHHHHHHHHHHHHHHHHHHHHHHHHHHHHHHHHHHHHHHHHHHHHHHHHHHHHHHHHHHHHHHHHHHHHHHHHHHHHHHHHHHHHHHHHHHHHHHHHHHHHHHHHHHHHHHHH
      </p>
    </div>
    <div
      className="MuiPaper-root MuiPaper-elevation0"
    >
      <h3
        className="MuiTypography-root MuiTypography-h3"
      >
        CAPTION No.51
      </h3>
      <p
        className="MuiTypography-root MuiTypography-body2"
      >
        2019.12.09
      </p>
      <p
        className="MuiTypography-root MuiTypography-body1 MuiTypography-noWrap"
      >
        HHHHHHHHHHHHHHHHHHHHHHHHHHHHHHHHHHHHHHHHHHHHHHHHHHHHHHHHHHHHHHHHHHHHHHHHHHHHHHHHHHHHHHHHHHHHHHHHHHHHHHHHHHHHHHHHHHHHHHHHHHHHHHHHHHHHHHHHHHHHHHHHHHHHHHHHHHHHHHHHHHHH
      </p>
    </div>
    <div
      className="MuiPaper-root MuiPaper-elevation0"
    >
      <h3
        className="MuiTypography-root MuiTypography-h3"
      >
        CAPTION No.52
      </h3>
      <p
        className="MuiTypography-root MuiTypography-body2"
      >
        2019.12.09
      </p>
      <p
        className="MuiTypography-root MuiTypography-body1 MuiTypography-noWrap"
      >
        HHHHHHHHHHHHHHHHHHHHHHHHHHHHHHHHHHHHHHHHHHHHHHHHHHHHHHHHHHHHHHHHHHHHHHHHHHHHHHHHHHHHHHHHHHHHHHHHHHHHHHHHHHHHHHHHHHHHHHHHHHHHHHHHHHHHHHHHHHHHHHHHHHHHHHHHHHHHHHHHHHHH
      </p>
    </div>
    <div
      className="MuiPaper-root MuiPaper-elevation0"
    >
      <h3
        className="MuiTypography-root MuiTypography-h3"
      >
        CAPTION No.53
      </h3>
      <p
        className="MuiTypography-root MuiTypography-body2"
      >
        2019.12.09
      </p>
      <p
        className="MuiTypography-root MuiTypography-body1 MuiTypography-noWrap"
      >
        HHHHHHHHHHHHHHHHHHHHHHHHHHHHHHHHHHHHHHHHHHHHHHHHHHHHHHHHHHHHHHHHHHHHHHHHHHHHHHHHHHHHHHHHHHHHHHHHHHHHHHHHHHHHHHHHHHHHHHHHHHHHHHHHHHHHHHHHHHHHHHHHHHHHHHHHHHHHHHHHHHHH
      </p>
    </div>
    <div
      className="MuiPaper-root MuiPaper-elevation0"
    >
      <h3
        className="MuiTypography-root MuiTypography-h3"
      >
        CAPTION No.54
      </h3>
      <p
        className="MuiTypography-root MuiTypography-body2"
      >
        2019.12.09
      </p>
      <p
        className="MuiTypography-root MuiTypography-body1 MuiTypography-noWrap"
      >
        HHHHHHHHHHHHHHHHHHHHHHHHHHHHHHHHHHHHHHHHHHHHHHHHHHHHHHHHHHHHHHHHHHHHHHHHHHHHHHHHHHHHHHHHHHHHHHHHHHHHHHHHHHHHHHHHHHHHHHHHHHHHHHHHHHHHHHHHHHHHHHHHHHHHHHHHHHHHHHHHHHHH
      </p>
    </div>
    <div
      className="MuiPaper-root MuiPaper-elevation0"
    >
      <h3
        className="MuiTypography-root MuiTypography-h3"
      >
        CAPTION No.55
      </h3>
      <p
        className="MuiTypography-root MuiTypography-body2"
      >
        2019.12.09
      </p>
      <p
        className="MuiTypography-root MuiTypography-body1 MuiTypography-noWrap"
      >
        HHHHHHHHHHHHHHHHHHHHHHHHHHHHHHHHHHHHHHHHHHHHHHHHHHHHHHHHHHHHHHHHHHHHHHHHHHHHHHHHHHHHHHHHHHHHHHHHHHHHHHHHHHHHHHHHHHHHHHHHHHHHHHHHHHHHHHHHHHHHHHHHHHHHHHHHHHHHHHHHHHHH
      </p>
    </div>
    <div
      className="MuiPaper-root MuiPaper-elevation0"
    >
      <h3
        className="MuiTypography-root MuiTypography-h3"
      >
        CAPTION No.56
      </h3>
      <p
        className="MuiTypography-root MuiTypography-body2"
      >
        2019.12.09
      </p>
      <p
        className="MuiTypography-root MuiTypography-body1 MuiTypography-noWrap"
      >
        HHHHHHHHHHHHHHHHHHHHHHHHHHHHHHHHHHHHHHHHHHHHHHHHHHHHHHHHHHHHHHHHHHHHHHHHHHHHHHHHHHHHHHHHHHHHHHHHHHHHHHHHHHHHHHHHHHHHHHHHHHHHHHHHHHHHHHHHHHHHHHHHHHHHHHHHHHHHHHHHHHHH
      </p>
    </div>
    <div
      className="MuiPaper-root MuiPaper-elevation0"
    >
      <h3
        className="MuiTypography-root MuiTypography-h3"
      >
        CAPTION No.57
      </h3>
      <p
        className="MuiTypography-root MuiTypography-body2"
      >
        2019.12.09
      </p>
      <p
        className="MuiTypography-root MuiTypography-body1 MuiTypography-noWrap"
      >
        HHHHHHHHHHHHHHHHHHHHHHHHHHHHHHHHHHHHHHHHHHHHHHHHHHHHHHHHHHHHHHHHHHHHHHHHHHHHHHHHHHHHHHHHHHHHHHHHHHHHHHHHHHHHHHHHHHHHHHHHHHHHHHHHHHHHHHHHHHHHHHHHHHHHHHHHHHHHHHHHHHHH
      </p>
    </div>
    <div
      className="MuiPaper-root MuiPaper-elevation0"
    >
      <h3
        className="MuiTypography-root MuiTypography-h3"
      >
        CAPTION No.58
      </h3>
      <p
        className="MuiTypography-root MuiTypography-body2"
      >
        2019.12.09
      </p>
      <p
        className="MuiTypography-root MuiTypography-body1 MuiTypography-noWrap"
      >
        HHHHHHHHHHHHHHHHHHHHHHHHHHHHHHHHHHHHHHHHHHHHHHHHHHHHHHHHHHHHHHHHHHHHHHHHHHHHHHHHHHHHHHHHHHHHHHHHHHHHHHHHHHHHHHHHHHHHHHHHHHHHHHHHHHHHHHHHHHHHHHHHHHHHHHHHHHHHHHHHHHHH
      </p>
    </div>
    <div
      className="MuiPaper-root MuiPaper-elevation0"
    >
      <h3
        className="MuiTypography-root MuiTypography-h3"
      >
        CAPTION No.59
      </h3>
      <p
        className="MuiTypography-root MuiTypography-body2"
      >
        2019.12.09
      </p>
      <p
        className="MuiTypography-root MuiTypography-body1 MuiTypography-noWrap"
      >
        HHHHHHHHHHHHHHHHHHHHHHHHHHHHHHHHHHHHHHHHHHHHHHHHHHHHHHHHHHHHHHHHHHHHHHHHHHHHHHHHHHHHHHHHHHHHHHHHHHHHHHHHHHHHHHHHHHHHHHHHHHHHHHHHHHHHHHHHHHHHHHHHHHHHHHHHHHHHHHHHHHHH
      </p>
    </div>
  </div>
</div>
`;
