// Jest Snapshot v1, https://goo.gl/fbAQLP

exports[`App test 1`] = `
<div
  className="MuiContainer-root MuiContainer-maxWidthLg"
>
  <div
    className="MuiTypography-root MuiTypography-h1"
  >
    mex
  </div>
  <div
    className="MuiContainer-root MuiContainer-maxWidthMd"
  >
    <div
      className="MuiPaper-root MuiPaper-elevation0"
    >
      <h3
        className="MuiTypography-root MuiTypography-h3"
      >
        Caption
        0
      </h3>
      <p
        className="MuiTypography-root MuiTypography-body2"
      >
        2020.01.29
      </p>
      <p
        className="MuiTypography-root MuiTypography-body1"
      >
        H
      </p>
    </div>
    <div
      className="MuiPaper-root MuiPaper-elevation0"
    >
      <h3
        className="MuiTypography-root MuiTypography-h3"
      >
        Caption
        1
      </h3>
      <p
        className="MuiTypography-root MuiTypography-body2"
      >
        2020.01.29
      </p>
      <p
        className="MuiTypography-root MuiTypography-body1"
      >
        H
      </p>
    </div>
    <div
      className="MuiPaper-root MuiPaper-elevation0"
    >
      <h3
        className="MuiTypography-root MuiTypography-h3"
      >
        Caption
        2
      </h3>
      <p
        className="MuiTypography-root MuiTypography-body2"
      >
        2020.01.29
      </p>
      <p
        className="MuiTypography-root MuiTypography-body1"
      >
        H
      </p>
    </div>
    <div
      className="MuiPaper-root MuiPaper-elevation0"
    >
      <h3
        className="MuiTypography-root MuiTypography-h3"
      >
        Caption
        3
      </h3>
      <p
        className="MuiTypography-root MuiTypography-body2"
      >
        2020.01.29
      </p>
      <p
        className="MuiTypography-root MuiTypography-body1"
      >
        H
      </p>
    </div>
    <div
      className="MuiPaper-root MuiPaper-elevation0"
    >
      <h3
        className="MuiTypography-root MuiTypography-h3"
      >
        Caption
        4
      </h3>
      <p
        className="MuiTypography-root MuiTypography-body2"
      >
        2020.01.29
      </p>
      <p
        className="MuiTypography-root MuiTypography-body1"
      >
        H
      </p>
    </div>
    <div
      className="MuiPaper-root MuiPaper-elevation0"
    >
      <h3
        className="MuiTypography-root MuiTypography-h3"
      >
        Caption
        5
      </h3>
      <p
        className="MuiTypography-root MuiTypography-body2"
      >
        2020.01.29
      </p>
      <p
        className="MuiTypography-root MuiTypography-body1"
      >
        H
      </p>
    </div>
    <div
      className="MuiPaper-root MuiPaper-elevation0"
    >
      <h3
        className="MuiTypography-root MuiTypography-h3"
      >
        Caption
        6
      </h3>
      <p
        className="MuiTypography-root MuiTypography-body2"
      >
        2020.01.29
      </p>
      <p
        className="MuiTypography-root MuiTypography-body1"
      >
        H
      </p>
    </div>
    <div
      className="MuiPaper-root MuiPaper-elevation0"
    >
      <h3
        className="MuiTypography-root MuiTypography-h3"
      >
        Caption
        7
      </h3>
      <p
        className="MuiTypography-root MuiTypography-body2"
      >
        2020.01.29
      </p>
      <p
        className="MuiTypography-root MuiTypography-body1"
      >
        H
      </p>
    </div>
    <div
      className="MuiPaper-root MuiPaper-elevation0"
    >
      <h3
        className="MuiTypography-root MuiTypography-h3"
      >
        Caption
        8
      </h3>
      <p
        className="MuiTypography-root MuiTypography-body2"
      >
        2020.01.29
      </p>
      <p
        className="MuiTypography-root MuiTypography-body1"
      >
        H
      </p>
    </div>
    <div
      className="MuiPaper-root MuiPaper-elevation0"
    >
      <h3
        className="MuiTypography-root MuiTypography-h3"
      >
        Caption
        9
      </h3>
      <p
        className="MuiTypography-root MuiTypography-body2"
      >
        2020.01.29
      </p>
      <p
        className="MuiTypography-root MuiTypography-body1"
      >
        H
      </p>
    </div>
    <div
      className="MuiPaper-root MuiPaper-elevation0"
    >
      <h3
        className="MuiTypography-root MuiTypography-h3"
      >
        Caption
        10
      </h3>
      <p
        className="MuiTypography-root MuiTypography-body2"
      >
        2020.01.29
      </p>
      <p
        className="MuiTypography-root MuiTypography-body1"
      >
        H
      </p>
    </div>
    <div
      className="MuiPaper-root MuiPaper-elevation0"
    >
      <h3
        className="MuiTypography-root MuiTypography-h3"
      >
        Caption
        11
      </h3>
      <p
        className="MuiTypography-root MuiTypography-body2"
      >
        2020.01.29
      </p>
      <p
        className="MuiTypography-root MuiTypography-body1"
      >
        H
      </p>
    </div>
    <div
      className="MuiPaper-root MuiPaper-elevation0"
    >
      <h3
        className="MuiTypography-root MuiTypography-h3"
      >
        Caption
        12
      </h3>
      <p
        className="MuiTypography-root MuiTypography-body2"
      >
        2020.01.29
      </p>
      <p
        className="MuiTypography-root MuiTypography-body1"
      >
        H
      </p>
    </div>
    <div
      className="MuiPaper-root MuiPaper-elevation0"
    >
      <h3
        className="MuiTypography-root MuiTypography-h3"
      >
        Caption
        13
      </h3>
      <p
        className="MuiTypography-root MuiTypography-body2"
      >
        2020.01.29
      </p>
      <p
        className="MuiTypography-root MuiTypography-body1"
      >
        H
      </p>
    </div>
    <div
      className="MuiPaper-root MuiPaper-elevation0"
    >
      <h3
        className="MuiTypography-root MuiTypography-h3"
      >
        Caption
        14
      </h3>
      <p
        className="MuiTypography-root MuiTypography-body2"
      >
        2020.01.29
      </p>
      <p
        className="MuiTypography-root MuiTypography-body1"
      >
        H
      </p>
    </div>
    <div
      className="MuiPaper-root MuiPaper-elevation0"
    >
      <h3
        className="MuiTypography-root MuiTypography-h3"
      >
        Caption
        15
      </h3>
      <p
        className="MuiTypography-root MuiTypography-body2"
      >
        2020.01.29
      </p>
      <p
        className="MuiTypography-root MuiTypography-body1"
      >
        H
      </p>
    </div>
    <div
      className="MuiPaper-root MuiPaper-elevation0"
    >
      <h3
        className="MuiTypography-root MuiTypography-h3"
      >
        Caption
        16
      </h3>
      <p
        className="MuiTypography-root MuiTypography-body2"
      >
        2020.01.29
      </p>
      <p
        className="MuiTypography-root MuiTypography-body1"
      >
        H
      </p>
    </div>
    <div
      className="MuiPaper-root MuiPaper-elevation0"
    >
      <h3
        className="MuiTypography-root MuiTypography-h3"
      >
        Caption
        17
      </h3>
      <p
        className="MuiTypography-root MuiTypography-body2"
      >
        2020.01.29
      </p>
      <p
        className="MuiTypography-root MuiTypography-body1"
      >
        H
      </p>
    </div>
    <div
      className="MuiPaper-root MuiPaper-elevation0"
    >
      <h3
        className="MuiTypography-root MuiTypography-h3"
      >
        Caption
        18
      </h3>
      <p
        className="MuiTypography-root MuiTypography-body2"
      >
        2020.01.29
      </p>
      <p
        className="MuiTypography-root MuiTypography-body1"
      >
        H
      </p>
    </div>
    <div
      className="MuiPaper-root MuiPaper-elevation0"
    >
      <h3
        className="MuiTypography-root MuiTypography-h3"
      >
        Caption
        19
      </h3>
      <p
        className="MuiTypography-root MuiTypography-body2"
      >
        2020.01.29
      </p>
      <p
        className="MuiTypography-root MuiTypography-body1"
      >
        H
      </p>
    </div>
    <div
      className="MuiPaper-root MuiPaper-elevation0"
    >
      <h3
        className="MuiTypography-root MuiTypography-h3"
      >
        Caption
        20
      </h3>
      <p
        className="MuiTypography-root MuiTypography-body2"
      >
        2020.01.29
      </p>
      <p
        className="MuiTypography-root MuiTypography-body1"
      >
        H
      </p>
    </div>
    <div
      className="MuiPaper-root MuiPaper-elevation0"
    >
      <h3
        className="MuiTypography-root MuiTypography-h3"
      >
        Caption
        21
      </h3>
      <p
        className="MuiTypography-root MuiTypography-body2"
      >
        2020.01.29
      </p>
      <p
        className="MuiTypography-root MuiTypography-body1"
      >
        H
      </p>
    </div>
    <div
      className="MuiPaper-root MuiPaper-elevation0"
    >
      <h3
        className="MuiTypography-root MuiTypography-h3"
      >
        Caption
        22
      </h3>
      <p
        className="MuiTypography-root MuiTypography-body2"
      >
        2020.01.29
      </p>
      <p
        className="MuiTypography-root MuiTypography-body1"
      >
        H
      </p>
    </div>
    <div
      className="MuiPaper-root MuiPaper-elevation0"
    >
      <h3
        className="MuiTypography-root MuiTypography-h3"
      >
        Caption
        23
      </h3>
      <p
        className="MuiTypography-root MuiTypography-body2"
      >
        2020.01.29
      </p>
      <p
        className="MuiTypography-root MuiTypography-body1"
      >
        H
      </p>
    </div>
    <div
      className="MuiPaper-root MuiPaper-elevation0"
    >
      <h3
        className="MuiTypography-root MuiTypography-h3"
      >
        Caption
        24
      </h3>
      <p
        className="MuiTypography-root MuiTypography-body2"
      >
        2020.01.29
      </p>
      <p
        className="MuiTypography-root MuiTypography-body1"
      >
        H
      </p>
    </div>
    <div
      className="MuiPaper-root MuiPaper-elevation0"
    >
      <h3
        className="MuiTypography-root MuiTypography-h3"
      >
        Caption
        25
      </h3>
      <p
        className="MuiTypography-root MuiTypography-body2"
      >
        2020.01.29
      </p>
      <p
        className="MuiTypography-root MuiTypography-body1"
      >
        H
      </p>
    </div>
    <div
      className="MuiPaper-root MuiPaper-elevation0"
    >
      <h3
        className="MuiTypography-root MuiTypography-h3"
      >
        Caption
        26
      </h3>
      <p
        className="MuiTypography-root MuiTypography-body2"
      >
        2020.01.29
      </p>
      <p
        className="MuiTypography-root MuiTypography-body1"
      >
        H
      </p>
    </div>
    <div
      className="MuiPaper-root MuiPaper-elevation0"
    >
      <h3
        className="MuiTypography-root MuiTypography-h3"
      >
        Caption
        27
      </h3>
      <p
        className="MuiTypography-root MuiTypography-body2"
      >
        2020.01.29
      </p>
      <p
        className="MuiTypography-root MuiTypography-body1"
      >
        H
      </p>
    </div>
    <div
      className="MuiPaper-root MuiPaper-elevation0"
    >
      <h3
        className="MuiTypography-root MuiTypography-h3"
      >
        Caption
        28
      </h3>
      <p
        className="MuiTypography-root MuiTypography-body2"
      >
        2020.01.29
      </p>
      <p
        className="MuiTypography-root MuiTypography-body1"
      >
        H
      </p>
    </div>
    <div
      className="MuiPaper-root MuiPaper-elevation0"
    >
      <h3
        className="MuiTypography-root MuiTypography-h3"
      >
        Caption
        29
      </h3>
      <p
        className="MuiTypography-root MuiTypography-body2"
      >
        2020.01.29
      </p>
      <p
        className="MuiTypography-root MuiTypography-body1"
      >
        H
      </p>
    </div>
    <div
      className="MuiPaper-root MuiPaper-elevation0"
    >
      <h3
        className="MuiTypography-root MuiTypography-h3"
      >
        Caption
        30
      </h3>
      <p
        className="MuiTypography-root MuiTypography-body2"
      >
        2020.01.29
      </p>
      <p
        className="MuiTypography-root MuiTypography-body1"
      >
        H
      </p>
    </div>
    <div
      className="MuiPaper-root MuiPaper-elevation0"
    >
      <h3
        className="MuiTypography-root MuiTypography-h3"
      >
        Caption
        31
      </h3>
      <p
        className="MuiTypography-root MuiTypography-body2"
      >
        2020.01.29
      </p>
      <p
        className="MuiTypography-root MuiTypography-body1"
      >
        H
      </p>
    </div>
    <div
      className="MuiPaper-root MuiPaper-elevation0"
    >
      <h3
        className="MuiTypography-root MuiTypography-h3"
      >
        Caption
        32
      </h3>
      <p
        className="MuiTypography-root MuiTypography-body2"
      >
        2020.01.29
      </p>
      <p
        className="MuiTypography-root MuiTypography-body1"
      >
        H
      </p>
    </div>
    <div
      className="MuiPaper-root MuiPaper-elevation0"
    >
      <h3
        className="MuiTypography-root MuiTypography-h3"
      >
        Caption
        33
      </h3>
      <p
        className="MuiTypography-root MuiTypography-body2"
      >
        2020.01.29
      </p>
      <p
        className="MuiTypography-root MuiTypography-body1"
      >
        H
      </p>
    </div>
    <div
      className="MuiPaper-root MuiPaper-elevation0"
    >
      <h3
        className="MuiTypography-root MuiTypography-h3"
      >
        Caption
        34
      </h3>
      <p
        className="MuiTypography-root MuiTypography-body2"
      >
        2020.01.29
      </p>
      <p
        className="MuiTypography-root MuiTypography-body1"
      >
        H
      </p>
    </div>
    <div
      className="MuiPaper-root MuiPaper-elevation0"
    >
      <h3
        className="MuiTypography-root MuiTypography-h3"
      >
        Caption
        35
      </h3>
      <p
        className="MuiTypography-root MuiTypography-body2"
      >
        2020.01.29
      </p>
      <p
        className="MuiTypography-root MuiTypography-body1"
      >
        H
      </p>
    </div>
    <div
      className="MuiPaper-root MuiPaper-elevation0"
    >
      <h3
        className="MuiTypography-root MuiTypography-h3"
      >
        Caption
        36
      </h3>
      <p
        className="MuiTypography-root MuiTypography-body2"
      >
        2020.01.29
      </p>
      <p
        className="MuiTypography-root MuiTypography-body1"
      >
        H
      </p>
    </div>
    <div
      className="MuiPaper-root MuiPaper-elevation0"
    >
      <h3
        className="MuiTypography-root MuiTypography-h3"
      >
        Caption
        37
      </h3>
      <p
        className="MuiTypography-root MuiTypography-body2"
      >
        2020.01.29
      </p>
      <p
        className="MuiTypography-root MuiTypography-body1"
      >
        H
      </p>
    </div>
    <div
      className="MuiPaper-root MuiPaper-elevation0"
    >
      <h3
        className="MuiTypography-root MuiTypography-h3"
      >
        Caption
        38
      </h3>
      <p
        className="MuiTypography-root MuiTypography-body2"
      >
        2020.01.29
      </p>
      <p
        className="MuiTypography-root MuiTypography-body1"
      >
        H
      </p>
    </div>
    <div
      className="MuiPaper-root MuiPaper-elevation0"
    >
      <h3
        className="MuiTypography-root MuiTypography-h3"
      >
        Caption
        39
      </h3>
      <p
        className="MuiTypography-root MuiTypography-body2"
      >
        2020.01.29
      </p>
      <p
        className="MuiTypography-root MuiTypography-body1"
      >
        H
      </p>
    </div>
    <div
      className="MuiPaper-root MuiPaper-elevation0"
    >
      <h3
        className="MuiTypography-root MuiTypography-h3"
      >
        Caption
        40
      </h3>
      <p
        className="MuiTypography-root MuiTypography-body2"
      >
        2020.01.29
      </p>
      <p
        className="MuiTypography-root MuiTypography-body1"
      >
        H
      </p>
    </div>
    <div
      className="MuiPaper-root MuiPaper-elevation0"
    >
      <h3
        className="MuiTypography-root MuiTypography-h3"
      >
        Caption
        41
      </h3>
      <p
        className="MuiTypography-root MuiTypography-body2"
      >
        2020.01.29
      </p>
      <p
        className="MuiTypography-root MuiTypography-body1"
      >
        H
      </p>
    </div>
    <div
      className="MuiPaper-root MuiPaper-elevation0"
    >
      <h3
        className="MuiTypography-root MuiTypography-h3"
      >
        Caption
        42
      </h3>
      <p
        className="MuiTypography-root MuiTypography-body2"
      >
        2020.01.29
      </p>
      <p
        className="MuiTypography-root MuiTypography-body1"
      >
        H
      </p>
    </div>
    <div
      className="MuiPaper-root MuiPaper-elevation0"
    >
      <h3
        className="MuiTypography-root MuiTypography-h3"
      >
        Caption
        43
      </h3>
      <p
        className="MuiTypography-root MuiTypography-body2"
      >
        2020.01.29
      </p>
      <p
        className="MuiTypography-root MuiTypography-body1"
      >
        H
      </p>
    </div>
    <div
      className="MuiPaper-root MuiPaper-elevation0"
    >
      <h3
        className="MuiTypography-root MuiTypography-h3"
      >
        Caption
        44
      </h3>
      <p
        className="MuiTypography-root MuiTypography-body2"
      >
        2020.01.29
      </p>
      <p
        className="MuiTypography-root MuiTypography-body1"
      >
        H
      </p>
    </div>
    <div
      className="MuiPaper-root MuiPaper-elevation0"
    >
      <h3
        className="MuiTypography-root MuiTypography-h3"
      >
        Caption
        45
      </h3>
      <p
        className="MuiTypography-root MuiTypography-body2"
      >
        2020.01.29
      </p>
      <p
        className="MuiTypography-root MuiTypography-body1"
      >
        H
      </p>
    </div>
    <div
      className="MuiPaper-root MuiPaper-elevation0"
    >
      <h3
        className="MuiTypography-root MuiTypography-h3"
      >
        Caption
        46
      </h3>
      <p
        className="MuiTypography-root MuiTypography-body2"
      >
        2020.01.29
      </p>
      <p
        className="MuiTypography-root MuiTypography-body1"
      >
        H
      </p>
    </div>
    <div
      className="MuiPaper-root MuiPaper-elevation0"
    >
      <h3
        className="MuiTypography-root MuiTypography-h3"
      >
        Caption
        47
      </h3>
      <p
        className="MuiTypography-root MuiTypography-body2"
      >
        2020.01.29
      </p>
      <p
        className="MuiTypography-root MuiTypography-body1"
      >
        H
      </p>
    </div>
    <div
      className="MuiPaper-root MuiPaper-elevation0"
    >
      <h3
        className="MuiTypography-root MuiTypography-h3"
      >
        Caption
        48
      </h3>
      <p
        className="MuiTypography-root MuiTypography-body2"
      >
        2020.01.29
      </p>
      <p
        className="MuiTypography-root MuiTypography-body1"
      >
        H
      </p>
    </div>
    <div
      className="MuiPaper-root MuiPaper-elevation0"
    >
      <h3
        className="MuiTypography-root MuiTypography-h3"
      >
        Caption
        49
      </h3>
      <p
        className="MuiTypography-root MuiTypography-body2"
      >
        2020.01.29
      </p>
      <p
        className="MuiTypography-root MuiTypography-body1"
      >
        H
      </p>
    </div>
    <div
      className="MuiPaper-root MuiPaper-elevation0"
    >
      <h3
        className="MuiTypography-root MuiTypography-h3"
      >
        Caption
        50
      </h3>
      <p
        className="MuiTypography-root MuiTypography-body2"
      >
        2020.01.29
      </p>
      <p
        className="MuiTypography-root MuiTypography-body1"
      >
        H
      </p>
    </div>
    <div
      className="MuiPaper-root MuiPaper-elevation0"
    >
      <h3
        className="MuiTypography-root MuiTypography-h3"
      >
        Caption
        51
      </h3>
      <p
        className="MuiTypography-root MuiTypography-body2"
      >
        2020.01.29
      </p>
      <p
        className="MuiTypography-root MuiTypography-body1"
      >
        H
      </p>
    </div>
    <div
      className="MuiPaper-root MuiPaper-elevation0"
    >
      <h3
        className="MuiTypography-root MuiTypography-h3"
      >
        Caption
        52
      </h3>
      <p
        className="MuiTypography-root MuiTypography-body2"
      >
        2020.01.29
      </p>
      <p
        className="MuiTypography-root MuiTypography-body1"
      >
        H
      </p>
    </div>
    <div
      className="MuiPaper-root MuiPaper-elevation0"
    >
      <h3
        className="MuiTypography-root MuiTypography-h3"
      >
        Caption
        53
      </h3>
      <p
        className="MuiTypography-root MuiTypography-body2"
      >
        2020.01.29
      </p>
      <p
        className="MuiTypography-root MuiTypography-body1"
      >
        H
      </p>
    </div>
    <div
      className="MuiPaper-root MuiPaper-elevation0"
    >
      <h3
        className="MuiTypography-root MuiTypography-h3"
      >
        Caption
        54
      </h3>
      <p
        className="MuiTypography-root MuiTypography-body2"
      >
        2020.01.29
      </p>
      <p
        className="MuiTypography-root MuiTypography-body1"
      >
        H
      </p>
    </div>
    <div
      className="MuiPaper-root MuiPaper-elevation0"
    >
      <h3
        className="MuiTypography-root MuiTypography-h3"
      >
        Caption
        55
      </h3>
      <p
        className="MuiTypography-root MuiTypography-body2"
      >
        2020.01.29
      </p>
      <p
        className="MuiTypography-root MuiTypography-body1"
      >
        H
      </p>
    </div>
    <div
      className="MuiPaper-root MuiPaper-elevation0"
    >
      <h3
        className="MuiTypography-root MuiTypography-h3"
      >
        Caption
        56
      </h3>
      <p
        className="MuiTypography-root MuiTypography-body2"
      >
        2020.01.29
      </p>
      <p
        className="MuiTypography-root MuiTypography-body1"
      >
        H
      </p>
    </div>
    <div
      className="MuiPaper-root MuiPaper-elevation0"
    >
      <h3
        className="MuiTypography-root MuiTypography-h3"
      >
        Caption
        57
      </h3>
      <p
        className="MuiTypography-root MuiTypography-body2"
      >
        2020.01.29
      </p>
      <p
        className="MuiTypography-root MuiTypography-body1"
      >
        H
      </p>
    </div>
    <div
      className="MuiPaper-root MuiPaper-elevation0"
    >
      <h3
        className="MuiTypography-root MuiTypography-h3"
      >
        Caption
        58
      </h3>
      <p
        className="MuiTypography-root MuiTypography-body2"
      >
        2020.01.29
      </p>
      <p
        className="MuiTypography-root MuiTypography-body1"
      >
        H
      </p>
    </div>
    <div
      className="MuiPaper-root MuiPaper-elevation0"
    >
      <h3
        className="MuiTypography-root MuiTypography-h3"
      >
        Caption
        59
      </h3>
      <p
        className="MuiTypography-root MuiTypography-body2"
      >
        2020.01.29
      </p>
      <p
        className="MuiTypography-root MuiTypography-body1"
      >
        H
      </p>
    </div>
  </div>
</div>
`;
